// Jest Snapshot v1, https://jestjs.io/docs/snapshot-testing

exports[`snapshot basic 1`] = `
<DocumentFragment>
  <div
    class="yozora-code-embed css-1lkb549"
  >
    <div>
      <button>
        +
      </button>
      <span>
        0
      </span>
      <button>
        -
      </button>
    </div>
  </div>
</DocumentFragment>
`;
