// Jest Snapshot v1, https://jestjs.io/docs/snapshot-testing

exports[`basic rendering case snapshot 1`] = `
<DocumentFragment>
  <pre>
    <div
      class="css-96awu6 prism-code language-typescript"
      style="color: rgb(212, 212, 212); max-height: calc(calc(var(--yozora_lineHeightCode, 1.6) * 1.8) + 6px); min-height: 100%;"
    >
      <div
        class="css-p9ofu1"
        style="width: 2.2em;"
      >
        <div
          class="css-12bnrwi"
        >
          <span>
            1
          </span>
        </div>
      </div>
      <div
        class="css-1kgxr2s"
      >
        <div
          class="css-1ttfemb"
        >
          <div
            class="token-line css-1shup6l"
            style="color: rgb(212, 212, 212);"
          >
            <span
              class="token keyword"
              style="color: rgb(86, 156, 214);"
            >
              let
            </span>
            <span
              class="token plain"
            >
               a
            </span>
            <span
              class="token operator"
              style="color: rgb(212, 212, 212);"
            >
              :
            </span>
            <span
              class="token plain"
            >
               
            </span>
            <span
              class="token builtin"
              style="color: rgb(79, 193, 255);"
            >
              number
            </span>
            <span
              class="token plain"
            >
               
            </span>
            <span
              class="token operator"
              style="color: rgb(212, 212, 212);"
            >
              =
            </span>
            <span
              class="token plain"
            >
               
            </span>
            <span
              class="token number"
              style="color: rgb(181, 206, 168);"
            >
              1
            </span>
            <span
              class="token plain"
            >
               
            </span>
            <span
              class="token operator"
              style="color: rgb(212, 212, 212);"
            >
              +
            </span>
            <span
              class="token plain"
            >
               
            </span>
            <span
              class="token number"
              style="color: rgb(181, 206, 168);"
            >
              2
            </span>
            <span
              class="token punctuation"
              style="color: rgb(106, 153, 85);"
            >
              ;
            </span>
          </div>
        </div>
      </div>
    </div>
  </pre>
</DocumentFragment>
`;
