// Jest Snapshot v1, https://jestjs.io/docs/snapshot-testing

exports[`snapshot basic 1`] = `
<DocumentFragment>
  <div
    class="yozora-code-live css-15h9bl4"
  >
    <div
      class="css-9b1rnv"
    >
      <span
        class="css-9y6172"
      >
        <span
          class="css-t4q37b"
          title="close"
        />
        <span
          class="css-p28dfd"
          title="minimize"
        />
        <span
          class="css-6luv6p"
          title="maximize"
        />
      </span>
      <span
        class="css-1wug2ih"
      />
      <span
        class="css-1f8l45h"
      >
        <button
          aria-label="Copy to clipboard"
          class="css-hpzs7n"
          data-copy-status="pending"
          type="button"
        >
          copy
        </button>
      </span>
    </div>
    <div
      class="css-55xo3h"
    >
      <div
        class="css-1wau2uo"
      >
        <div
          class="yozora-code-editor css-uz8bu5"
          padding="10"
          style="tab-size: 2;"
        >
          <div
            class="css-6gcr58"
          >
            <div
              class="css-1tu59u4"
              style="width: 2.2em;"
            />
            <textarea
              autocapitalize="off"
              autocomplete="off"
              autocorrect="off"
              class="css-1nk6ywr"
              spellcheck="false"
              style="tab-size: 2; white-space: pre; padding: 0.5rem 0.6em 0px 12px;"
            >
                function Counter() {
    const [count, setCount] = React.useState(0)
    return (
      &lt;div&gt;
        &lt;button onClick={() =&gt; setCount(c =&gt; c + 1)}&gt;+&lt;/button&gt;
        &lt;span data-testid="value"&gt;{count}&lt;/span&gt;
        &lt;button onClick={() =&gt; setCount(c =&gt; c - 1)}&gt;-&lt;/button&gt;
      &lt;/div&gt;
    )
  }

            </textarea>
          </div>
          <pre
            aria-hidden="true"
            class="css-14t25us"
            style="tab-size: 2; white-space: pre;"
          >
            <div
              class="css-96awu6 prism-code language-jsx"
              style="color: rgb(212, 212, 212); max-height: calc(calc(var(--yozora_lineHeightCode, 1.6) * 12.8) + 6px); min-height: 100%;"
            >
              <div
                class="css-p9ofu1"
                style="width: 2.2em;"
              >
                <div
                  class="css-12bnrwi"
                >
                  <span>
                    1
                  </span>
                </div>
                <div
                  class="css-12bnrwi"
                >
                  <span>
                    2
                  </span>
                </div>
                <div
                  class="css-12bnrwi"
                >
                  <span>
                    3
                  </span>
                </div>
                <div
                  class="css-12bnrwi"
                >
                  <span>
                    4
                  </span>
                </div>
                <div
                  class="css-12bnrwi"
                >
                  <span>
                    5
                  </span>
                </div>
                <div
                  class="css-12bnrwi"
                >
                  <span>
                    6
                  </span>
                </div>
                <div
                  class="css-12bnrwi"
                >
                  <span>
                    7
                  </span>
                </div>
                <div
                  class="css-12bnrwi"
                >
                  <span>
                    8
                  </span>
                </div>
                <div
                  class="css-12bnrwi"
                >
                  <span>
                    9
                  </span>
                </div>
                <div
                  class="css-12bnrwi"
                >
                  <span>
                    10
                  </span>
                </div>
                <div
                  class="css-12bnrwi"
                >
                  <span>
                    11
                  </span>
                </div>
                <div
                  class="css-12bnrwi"
                >
                  <span>
                    12
                  </span>
                </div>
              </div>
              <div
                class="css-1kgxr2s"
              >
                <div
                  class="css-1ttfemb"
                >
                  <div
                    class="token-line css-1shup6l"
                    style="color: rgb(212, 212, 212);"
                  >
                    <span
                      class="token plain"
                      style="display: inline-block;"
                    >
                      

                    </span>
                  </div>
                  <div
                    class="token-line css-1shup6l"
                    style="color: rgb(212, 212, 212);"
                  >
                    <span
                      class="token plain"
                    >
                        
                    </span>
                    <span
                      class="token keyword"
                      style="color: rgb(86, 156, 214);"
                    >
                      function
                    </span>
                    <span
                      class="token plain"
                    >
                       
                    </span>
                    <span
                      class="token function"
                      style="color: rgb(86, 156, 214);"
                    >
                      Counter
                    </span>
                    <span
                      class="token punctuation"
                      style="color: rgb(106, 153, 85);"
                    >
                      (
                    </span>
                    <span
                      class="token punctuation"
                      style="color: rgb(106, 153, 85);"
                    >
                      )
                    </span>
                    <span
                      class="token plain"
                    >
                       
                    </span>
                    <span
                      class="token punctuation"
                      style="color: rgb(106, 153, 85);"
                    >
                      {
                    </span>
                    <span
                      class="token plain"
                    />
                  </div>
                  <div
                    class="token-line css-1shup6l"
                    style="color: rgb(212, 212, 212);"
                  >
                    <span
                      class="token plain"
                    >
                          
                    </span>
                    <span
                      class="token keyword"
                      style="color: rgb(86, 156, 214);"
                    >
                      const
                    </span>
                    <span
                      class="token plain"
                    >
                       
                    </span>
                    <span
                      class="token punctuation"
                      style="color: rgb(106, 153, 85);"
                    >
                      [
                    </span>
                    <span
                      class="token plain"
                    >
                      count
                    </span>
                    <span
                      class="token punctuation"
                      style="color: rgb(106, 153, 85);"
                    >
                      ,
                    </span>
                    <span
                      class="token plain"
                    >
                       setCount
                    </span>
                    <span
                      class="token punctuation"
                      style="color: rgb(106, 153, 85);"
                    >
                      ]
                    </span>
                    <span
                      class="token plain"
                    >
                       
                    </span>
                    <span
                      class="token operator"
                      style="color: rgb(212, 212, 212);"
                    >
                      =
                    </span>
                    <span
                      class="token plain"
                    >
                       React
                    </span>
                    <span
                      class="token punctuation"
                      style="color: rgb(106, 153, 85);"
                    >
                      .
                    </span>
                    <span
                      class="token function"
                      style="color: rgb(86, 156, 214);"
                    >
                      useState
                    </span>
                    <span
                      class="token punctuation"
                      style="color: rgb(106, 153, 85);"
                    >
                      (
                    </span>
                    <span
                      class="token number"
                      style="color: rgb(181, 206, 168);"
                    >
                      0
                    </span>
                    <span
                      class="token punctuation"
                      style="color: rgb(106, 153, 85);"
                    >
                      )
                    </span>
                    <span
                      class="token plain"
                    />
                  </div>
                  <div
                    class="token-line css-1shup6l"
                    style="color: rgb(212, 212, 212);"
                  >
                    <span
                      class="token plain"
                    >
                          
                    </span>
                    <span
                      class="token keyword"
                      style="color: rgb(86, 156, 214);"
                    >
                      return
                    </span>
                    <span
                      class="token plain"
                    >
                       
                    </span>
                    <span
                      class="token punctuation"
                      style="color: rgb(106, 153, 85);"
                    >
                      (
                    </span>
                    <span
                      class="token plain"
                    />
                  </div>
                  <div
                    class="token-line css-1shup6l"
                    style="color: rgb(212, 212, 212);"
                  >
                    <span
                      class="token plain"
                    >
                            
                    </span>
                    <span
                      class="token tag punctuation"
                      style="color: rgb(106, 153, 85);"
                    >
                      &lt;
                    </span>
                    <span
                      class="token tag"
                      style="color: rgb(86, 156, 214);"
                    >
                      div
                    </span>
                    <span
                      class="token tag punctuation"
                      style="color: rgb(106, 153, 85);"
                    >
                      &gt;
                    </span>
                    <span
                      class="token plain-text"
                    />
                  </div>
                  <div
                    class="token-line css-1shup6l"
                    style="color: rgb(212, 212, 212);"
                  >
                    <span
                      class="token plain-text"
                    >
                              
                    </span>
                    <span
                      class="token tag punctuation"
                      style="color: rgb(106, 153, 85);"
                    >
                      &lt;
                    </span>
                    <span
                      class="token tag"
                      style="color: rgb(86, 156, 214);"
                    >
                      button
                    </span>
                    <span
                      class="token tag"
                      style="color: rgb(86, 156, 214);"
                    >
                       
                    </span>
                    <span
                      class="token tag attr-name"
                      style="color: rgb(156, 220, 254);"
                    >
                      onClick
                    </span>
                    <span
                      class="token tag script language-javascript script-punctuation punctuation"
                      style="color: rgb(106, 153, 85);"
                    >
                      =
                    </span>
                    <span
                      class="token tag script language-javascript punctuation"
                      style="color: rgb(106, 153, 85);"
                    >
                      {
                    </span>
                    <span
                      class="token tag script language-javascript punctuation"
                      style="color: rgb(106, 153, 85);"
                    >
                      (
                    </span>
                    <span
                      class="token tag script language-javascript punctuation"
                      style="color: rgb(106, 153, 85);"
                    >
                      )
                    </span>
                    <span
                      class="token tag script language-javascript"
                      style="color: rgb(86, 156, 214);"
                    >
                       
                    </span>
                    <span
                      class="token tag script language-javascript operator"
                      style="color: rgb(212, 212, 212);"
                    >
                      =&gt;
                    </span>
                    <span
                      class="token tag script language-javascript"
                      style="color: rgb(86, 156, 214);"
                    >
                       
                    </span>
                    <span
                      class="token tag script language-javascript function"
                      style="color: rgb(86, 156, 214);"
                    >
                      setCount
                    </span>
                    <span
                      class="token tag script language-javascript punctuation"
                      style="color: rgb(106, 153, 85);"
                    >
                      (
                    </span>
                    <span
                      class="token tag script language-javascript parameter"
                      style="color: rgb(86, 156, 214);"
                    >
                      c
                    </span>
                    <span
                      class="token tag script language-javascript"
                      style="color: rgb(86, 156, 214);"
                    >
                       
                    </span>
                    <span
                      class="token tag script language-javascript operator"
                      style="color: rgb(212, 212, 212);"
                    >
                      =&gt;
                    </span>
                    <span
                      class="token tag script language-javascript"
                      style="color: rgb(86, 156, 214);"
                    >
                       c 
                    </span>
                    <span
                      class="token tag script language-javascript operator"
                      style="color: rgb(212, 212, 212);"
                    >
                      +
                    </span>
                    <span
                      class="token tag script language-javascript"
                      style="color: rgb(86, 156, 214);"
                    >
                       
                    </span>
                    <span
                      class="token tag script language-javascript number"
                      style="color: rgb(181, 206, 168);"
                    >
                      1
                    </span>
                    <span
                      class="token tag script language-javascript punctuation"
                      style="color: rgb(106, 153, 85);"
                    >
                      )
                    </span>
                    <span
                      class="token tag script language-javascript punctuation"
                      style="color: rgb(106, 153, 85);"
                    >
                      }
                    </span>
                    <span
                      class="token tag punctuation"
                      style="color: rgb(106, 153, 85);"
                    >
                      &gt;
                    </span>
                    <span
                      class="token plain-text"
                    >
                      +
                    </span>
                    <span
                      class="token tag punctuation"
                      style="color: rgb(106, 153, 85);"
                    >
                      &lt;/
                    </span>
                    <span
                      class="token tag"
                      style="color: rgb(86, 156, 214);"
                    >
                      button
                    </span>
                    <span
                      class="token tag punctuation"
                      style="color: rgb(106, 153, 85);"
                    >
                      &gt;
                    </span>
                    <span
                      class="token plain-text"
                    />
                  </div>
                  <div
                    class="token-line css-1shup6l"
                    style="color: rgb(212, 212, 212);"
                  >
                    <span
                      class="token plain-text"
                    >
                              
                    </span>
                    <span
                      class="token tag punctuation"
                      style="color: rgb(106, 153, 85);"
                    >
                      &lt;
                    </span>
                    <span
                      class="token tag"
                      style="color: rgb(86, 156, 214);"
                    >
                      span
                    </span>
                    <span
                      class="token tag"
                      style="color: rgb(86, 156, 214);"
                    >
                       
                    </span>
                    <span
                      class="token tag attr-name"
                      style="color: rgb(156, 220, 254);"
                    >
                      data-testid
                    </span>
                    <span
                      class="token tag attr-value punctuation attr-equals"
                      style="color: rgb(106, 153, 85);"
                    >
                      =
                    </span>
                    <span
                      class="token tag attr-value punctuation"
                      style="color: rgb(106, 153, 85);"
                    >
                      "
                    </span>
                    <span
                      class="token tag attr-value"
                      style="color: rgb(206, 145, 120);"
                    >
                      value
                    </span>
                    <span
                      class="token tag attr-value punctuation"
                      style="color: rgb(106, 153, 85);"
                    >
                      "
                    </span>
                    <span
                      class="token tag punctuation"
                      style="color: rgb(106, 153, 85);"
                    >
                      &gt;
                    </span>
                    <span
                      class="token punctuation"
                      style="color: rgb(106, 153, 85);"
                    >
                      {
                    </span>
                    <span
                      class="token plain"
                    >
                      count
                    </span>
                    <span
                      class="token punctuation"
                      style="color: rgb(106, 153, 85);"
                    >
                      }
                    </span>
                    <span
                      class="token tag punctuation"
                      style="color: rgb(106, 153, 85);"
                    >
                      &lt;/
                    </span>
                    <span
                      class="token tag"
                      style="color: rgb(86, 156, 214);"
                    >
                      span
                    </span>
                    <span
                      class="token tag punctuation"
                      style="color: rgb(106, 153, 85);"
                    >
                      &gt;
                    </span>
                    <span
                      class="token plain-text"
                    />
                  </div>
                  <div
                    class="token-line css-1shup6l"
                    style="color: rgb(212, 212, 212);"
                  >
                    <span
                      class="token plain-text"
                    >
                              
                    </span>
                    <span
                      class="token tag punctuation"
                      style="color: rgb(106, 153, 85);"
                    >
                      &lt;
                    </span>
                    <span
                      class="token tag"
                      style="color: rgb(86, 156, 214);"
                    >
                      button
                    </span>
                    <span
                      class="token tag"
                      style="color: rgb(86, 156, 214);"
                    >
                       
                    </span>
                    <span
                      class="token tag attr-name"
                      style="color: rgb(156, 220, 254);"
                    >
                      onClick
                    </span>
                    <span
                      class="token tag script language-javascript script-punctuation punctuation"
                      style="color: rgb(106, 153, 85);"
                    >
                      =
                    </span>
                    <span
                      class="token tag script language-javascript punctuation"
                      style="color: rgb(106, 153, 85);"
                    >
                      {
                    </span>
                    <span
                      class="token tag script language-javascript punctuation"
                      style="color: rgb(106, 153, 85);"
                    >
                      (
                    </span>
                    <span
                      class="token tag script language-javascript punctuation"
                      style="color: rgb(106, 153, 85);"
                    >
                      )
                    </span>
                    <span
                      class="token tag script language-javascript"
                      style="color: rgb(86, 156, 214);"
                    >
                       
                    </span>
                    <span
                      class="token tag script language-javascript operator"
                      style="color: rgb(212, 212, 212);"
                    >
                      =&gt;
                    </span>
                    <span
                      class="token tag script language-javascript"
                      style="color: rgb(86, 156, 214);"
                    >
                       
                    </span>
                    <span
                      class="token tag script language-javascript function"
                      style="color: rgb(86, 156, 214);"
                    >
                      setCount
                    </span>
                    <span
                      class="token tag script language-javascript punctuation"
                      style="color: rgb(106, 153, 85);"
                    >
                      (
                    </span>
                    <span
                      class="token tag script language-javascript parameter"
                      style="color: rgb(86, 156, 214);"
                    >
                      c
                    </span>
                    <span
                      class="token tag script language-javascript"
                      style="color: rgb(86, 156, 214);"
                    >
                       
                    </span>
                    <span
                      class="token tag script language-javascript operator"
                      style="color: rgb(212, 212, 212);"
                    >
                      =&gt;
                    </span>
                    <span
                      class="token tag script language-javascript"
                      style="color: rgb(86, 156, 214);"
                    >
                       c 
                    </span>
                    <span
                      class="token tag script language-javascript operator"
                      style="color: rgb(212, 212, 212);"
                    >
                      -
                    </span>
                    <span
                      class="token tag script language-javascript"
                      style="color: rgb(86, 156, 214);"
                    >
                       
                    </span>
                    <span
                      class="token tag script language-javascript number"
                      style="color: rgb(181, 206, 168);"
                    >
                      1
                    </span>
                    <span
                      class="token tag script language-javascript punctuation"
                      style="color: rgb(106, 153, 85);"
                    >
                      )
                    </span>
                    <span
                      class="token tag script language-javascript punctuation"
                      style="color: rgb(106, 153, 85);"
                    >
                      }
                    </span>
                    <span
                      class="token tag punctuation"
                      style="color: rgb(106, 153, 85);"
                    >
                      &gt;
                    </span>
                    <span
                      class="token plain-text"
                    >
                      -
                    </span>
                    <span
                      class="token tag punctuation"
                      style="color: rgb(106, 153, 85);"
                    >
                      &lt;/
                    </span>
                    <span
                      class="token tag"
                      style="color: rgb(86, 156, 214);"
                    >
                      button
                    </span>
                    <span
                      class="token tag punctuation"
                      style="color: rgb(106, 153, 85);"
                    >
                      &gt;
                    </span>
                    <span
                      class="token plain-text"
                    />
                  </div>
                  <div
                    class="token-line css-1shup6l"
                    style="color: rgb(212, 212, 212);"
                  >
                    <span
                      class="token plain-text"
                    >
                            
                    </span>
                    <span
                      class="token tag punctuation"
                      style="color: rgb(106, 153, 85);"
                    >
                      &lt;/
                    </span>
                    <span
                      class="token tag"
                      style="color: rgb(86, 156, 214);"
                    >
                      div
                    </span>
                    <span
                      class="token tag punctuation"
                      style="color: rgb(106, 153, 85);"
                    >
                      &gt;
                    </span>
                    <span
                      class="token plain"
                    />
                  </div>
                  <div
                    class="token-line css-1shup6l"
                    style="color: rgb(212, 212, 212);"
                  >
                    <span
                      class="token plain"
                    >
                          
                    </span>
                    <span
                      class="token punctuation"
                      style="color: rgb(106, 153, 85);"
                    >
                      )
                    </span>
                    <span
                      class="token plain"
                    />
                  </div>
                  <div
                    class="token-line css-1shup6l"
                    style="color: rgb(212, 212, 212);"
                  >
                    <span
                      class="token plain"
                    >
                        
                    </span>
                    <span
                      class="token punctuation"
                      style="color: rgb(106, 153, 85);"
                    >
                      }
                    </span>
                    <span
                      class="token plain"
                    />
                  </div>
                  <div
                    class="token-line css-1shup6l"
                    style="color: rgb(212, 212, 212);"
                  >
                    <span
                      class="token plain"
                      style="display: inline-block;"
                    >
                      

                    </span>
                  </div>
                </div>
              </div>
            </div>
          </pre>
        </div>
      </div>
      <div
        class="css-9l5569"
      >
        <div
          class="yozora-code-embed css-1lkb549"
        >
          <div>
            <button>
              +
            </button>
            <span
              data-testid="value"
            >
              0
            </span>
            <button>
              -
            </button>
          </div>
        </div>
      </div>
    </div>
  </div>
</DocumentFragment>
`;
